2025-12-09 10:37:35,592 INFO [sqlalchemy.engine.Engine] select pg_catalog.version()
2025-12-09 10:37:35,592 INFO [sqlalchemy.engine.Engine] [raw sql] {}
2025-12-09 10:37:35,594 INFO [sqlalchemy.engine.Engine] select current_schema()
2025-12-09 10:37:35,594 INFO [sqlalchemy.engine.Engine] [raw sql] {}
2025-12-09 10:37:35,596 INFO [sqlalchemy.engine.Engine] show standard_conforming_strings
2025-12-09 10:37:35,596 INFO [sqlalchemy.engine.Engine] [raw sql] {}
2025-12-09 10:37:35,597 INFO [sqlalchemy.engine.Engine] BEGIN (implicit)
2025-12-09 10:37:35,600 INFO [sqlalchemy.engine.Engine] SELECT pg_catalog.pg_class.relname 
FROM pg_catalog.pg_class JOIN pg_catalog.pg_namespace ON pg_catalog.pg_namespace.oid = pg_catalog.pg_class.relnamespace 
WHERE pg_catalog.pg_class.relname = %(table_name)s AND pg_catalog.pg_class.relkind = ANY (ARRAY[%(param_1)s, %(param_2)s, %(param_3)s, %(param_4)s, %(param_5)s]) AND pg_catalog.pg_table_is_visible(pg_catalog.pg_class.oid) AND pg_catalog.pg_namespace.nspname != %(nspname_1)s
2025-12-09 10:37:35,601 INFO [sqlalchemy.engine.Engine] [generated in 0.00065s] {'table_name': 'users', 'param_1': 'r', 'param_2': 'p', 'param_3': 'f', 'param_4': 'v', 'param_5': 'm', 'nspname_1': 'pg_catalog'}
2025-12-09 10:37:35,617 INFO [sqlalchemy.engine.Engine] SELECT pg_catalog.pg_class.relname 
FROM pg_catalog.pg_class JOIN pg_catalog.pg_namespace ON pg_catalog.pg_namespace.oid = pg_catalog.pg_class.relnamespace 
WHERE pg_catalog.pg_class.relname = %(table_name)s AND pg_catalog.pg_class.relkind = ANY (ARRAY[%(param_1)s, %(param_2)s, %(param_3)s, %(param_4)s, %(param_5)s]) AND pg_catalog.pg_table_is_visible(pg_catalog.pg_class.oid) AND pg_catalog.pg_namespace.nspname != %(nspname_1)s
2025-12-09 10:37:35,617 INFO [sqlalchemy.engine.Engine] [cached since 0.01711s ago] {'table_name': 'products', 'param_1': 'r', 'param_2': 'p', 'param_3': 'f', 'param_4': 'v', 'param_5': 'm', 'nspname_1': 'pg_catalog'}
2025-12-09 10:37:35,618 INFO [sqlalchemy.engine.Engine] SELECT pg_catalog.pg_class.relname 
FROM pg_catalog.pg_class JOIN pg_catalog.pg_namespace ON pg_catalog.pg_namespace.oid = pg_catalog.pg_class.relnamespace 
WHERE pg_catalog.pg_class.relname = %(table_name)s AND pg_catalog.pg_class.relkind = ANY (ARRAY[%(param_1)s, %(param_2)s, %(param_3)s, %(param_4)s, %(param_5)s]) AND pg_catalog.pg_table_is_visible(pg_catalog.pg_class.oid) AND pg_catalog.pg_namespace.nspname != %(nspname_1)s
2025-12-09 10:37:35,619 INFO [sqlalchemy.engine.Engine] [cached since 0.01862s ago] {'table_name': 'orders', 'param_1': 'r', 'param_2': 'p', 'param_3': 'f', 'param_4': 'v', 'param_5': 'm', 'nspname_1': 'pg_catalog'}
2025-12-09 10:37:35,619 INFO [sqlalchemy.engine.Engine] SELECT pg_catalog.pg_class.relname 
FROM pg_catalog.pg_class JOIN pg_catalog.pg_namespace ON pg_catalog.pg_namespace.oid = pg_catalog.pg_class.relnamespace 
WHERE pg_catalog.pg_class.relname = %(table_name)s AND pg_catalog.pg_class.relkind = ANY (ARRAY[%(param_1)s, %(param_2)s, %(param_3)s, %(param_4)s, %(param_5)s]) AND pg_catalog.pg_table_is_visible(pg_catalog.pg_class.oid) AND pg_catalog.pg_namespace.nspname != %(nspname_1)s
2025-12-09 10:37:35,620 INFO [sqlalchemy.engine.Engine] [cached since 0.01968s ago] {'table_name': 'order_items', 'param_1': 'r', 'param_2': 'p', 'param_3': 'f', 'param_4': 'v', 'param_5': 'm', 'nspname_1': 'pg_catalog'}
2025-12-09 10:37:35,621 INFO [sqlalchemy.engine.Engine] 
CREATE TABLE users (
	id SERIAL NOT NULL, 
	username VARCHAR(150) NOT NULL, 
	email VARCHAR(255) NOT NULL, 
	hashed_password VARCHAR(255) NOT NULL, 
	is_active BOOLEAN NOT NULL, 
	is_superuser BOOLEAN NOT NULL, 
	PRIMARY KEY (id)
)


2025-12-09 10:37:35,622 INFO [sqlalchemy.engine.Engine] [no key 0.00122s] {}
2025-12-09 10:37:35,674 INFO [sqlalchemy.engine.Engine] CREATE INDEX ix_users_id ON users (id)
2025-12-09 10:37:35,674 INFO [sqlalchemy.engine.Engine] [no key 0.00087s] {}
2025-12-09 10:37:35,678 INFO [sqlalchemy.engine.Engine] CREATE UNIQUE INDEX ix_users_username ON users (username)
2025-12-09 10:37:35,678 INFO [sqlalchemy.engine.Engine] [no key 0.00044s] {}
2025-12-09 10:37:35,680 INFO [sqlalchemy.engine.Engine] CREATE UNIQUE INDEX ix_users_email ON users (email)
2025-12-09 10:37:35,680 INFO [sqlalchemy.engine.Engine] [no key 0.00027s] {}
2025-12-09 10:37:35,682 INFO [sqlalchemy.engine.Engine] 
CREATE TABLE products (
	id SERIAL NOT NULL, 
	name VARCHAR(255) NOT NULL, 
	description TEXT, 
	price FLOAT NOT NULL, 
	sku VARCHAR(100), 
	PRIMARY KEY (id), 
	UNIQUE (sku)
)


2025-12-09 10:37:35,682 INFO [sqlalchemy.engine.Engine] [no key 0.00040s] {}
2025-12-09 10:37:35,688 INFO [sqlalchemy.engine.Engine] CREATE INDEX ix_products_name ON products (name)
2025-12-09 10:37:35,688 INFO [sqlalchemy.engine.Engine] [no key 0.00051s] {}
2025-12-09 10:37:35,692 INFO [sqlalchemy.engine.Engine] CREATE INDEX ix_products_id ON products (id)
2025-12-09 10:37:35,692 INFO [sqlalchemy.engine.Engine] [no key 0.00088s] {}
2025-12-09 10:37:35,695 INFO [sqlalchemy.engine.Engine] 
CREATE TABLE orders (
	id SERIAL NOT NULL, 
	user_id INTEGER NOT NULL, 
	total FLOAT NOT NULL, 
	created_at TIMESTAMP WITHOUT TIME ZONE, 
	PRIMARY KEY (id), 
	FOREIGN KEY(user_id) REFERENCES users (id)
)


2025-12-09 10:37:35,695 INFO [sqlalchemy.engine.Engine] [no key 0.00051s] {}
2025-12-09 10:37:35,709 INFO [sqlalchemy.engine.Engine] CREATE INDEX ix_orders_id ON orders (id)
2025-12-09 10:37:35,709 INFO [sqlalchemy.engine.Engine] [no key 0.00058s] {}
2025-12-09 10:37:35,713 INFO [sqlalchemy.engine.Engine] 
CREATE TABLE order_items (
	id SERIAL NOT NULL, 
	order_id INTEGER NOT NULL, 
	product_id INTEGER NOT NULL, 
	quantity INTEGER NOT NULL, 
	price FLOAT NOT NULL, 
	PRIMARY KEY (id), 
	FOREIGN KEY(order_id) REFERENCES orders (id), 
	FOREIGN KEY(product_id) REFERENCES products (id)
)


2025-12-09 10:37:35,714 INFO [sqlalchemy.engine.Engine] [no key 0.00066s] {}
2025-12-09 10:37:35,720 INFO [sqlalchemy.engine.Engine] CREATE INDEX ix_order_items_id ON order_items (id)
2025-12-09 10:37:35,722 INFO [sqlalchemy.engine.Engine] [no key 0.00054s] {}
2025-12-09 10:37:35,724 INFO [sqlalchemy.engine.Engine] COMMIT
2025-12-09 10:38:55,479 INFO [sqlalchemy.engine.Engine] select pg_catalog.version()
2025-12-09 10:38:55,480 INFO [sqlalchemy.engine.Engine] [raw sql] {}
2025-12-09 10:38:55,481 INFO [sqlalchemy.engine.Engine] select current_schema()
2025-12-09 10:38:55,481 INFO [sqlalchemy.engine.Engine] [raw sql] {}
2025-12-09 10:38:55,482 INFO [sqlalchemy.engine.Engine] show standard_conforming_strings
2025-12-09 10:38:55,482 INFO [sqlalchemy.engine.Engine] [raw sql] {}
2025-12-09 10:38:55,483 INFO [sqlalchemy.engine.Engine] BEGIN (implicit)
2025-12-09 10:38:55,487 INFO [sqlalchemy.engine.Engine] SELECT pg_catalog.pg_class.relname 
FROM pg_catalog.pg_class JOIN pg_catalog.pg_namespace ON pg_catalog.pg_namespace.oid = pg_catalog.pg_class.relnamespace 
WHERE pg_catalog.pg_class.relname = %(table_name)s AND pg_catalog.pg_class.relkind = ANY (ARRAY[%(param_1)s, %(param_2)s, %(param_3)s, %(param_4)s, %(param_5)s]) AND pg_catalog.pg_table_is_visible(pg_catalog.pg_class.oid) AND pg_catalog.pg_namespace.nspname != %(nspname_1)s
2025-12-09 10:38:55,487 INFO [sqlalchemy.engine.Engine] [generated in 0.00069s] {'table_name': 'users', 'param_1': 'r', 'param_2': 'p', 'param_3': 'f', 'param_4': 'v', 'param_5': 'm', 'nspname_1': 'pg_catalog'}
2025-12-09 10:38:55,493 INFO [sqlalchemy.engine.Engine] SELECT pg_catalog.pg_class.relname 
FROM pg_catalog.pg_class JOIN pg_catalog.pg_namespace ON pg_catalog.pg_namespace.oid = pg_catalog.pg_class.relnamespace 
WHERE pg_catalog.pg_class.relname = %(table_name)s AND pg_catalog.pg_class.relkind = ANY (ARRAY[%(param_1)s, %(param_2)s, %(param_3)s, %(param_4)s, %(param_5)s]) AND pg_catalog.pg_table_is_visible(pg_catalog.pg_class.oid) AND pg_catalog.pg_namespace.nspname != %(nspname_1)s
2025-12-09 10:38:55,493 INFO [sqlalchemy.engine.Engine] [cached since 0.00599s ago] {'table_name': 'products', 'param_1': 'r', 'param_2': 'p', 'param_3': 'f', 'param_4': 'v', 'param_5': 'm', 'nspname_1': 'pg_catalog'}
2025-12-09 10:38:55,494 INFO [sqlalchemy.engine.Engine] SELECT pg_catalog.pg_class.relname 
FROM pg_catalog.pg_class JOIN pg_catalog.pg_namespace ON pg_catalog.pg_namespace.oid = pg_catalog.pg_class.relnamespace 
WHERE pg_catalog.pg_class.relname = %(table_name)s AND pg_catalog.pg_class.relkind = ANY (ARRAY[%(param_1)s, %(param_2)s, %(param_3)s, %(param_4)s, %(param_5)s]) AND pg_catalog.pg_table_is_visible(pg_catalog.pg_class.oid) AND pg_catalog.pg_namespace.nspname != %(nspname_1)s
2025-12-09 10:38:55,495 INFO [sqlalchemy.engine.Engine] [cached since 0.007601s ago] {'table_name': 'orders', 'param_1': 'r', 'param_2': 'p', 'param_3': 'f', 'param_4': 'v', 'param_5': 'm', 'nspname_1': 'pg_catalog'}
2025-12-09 10:38:55,496 INFO [sqlalchemy.engine.Engine] SELECT pg_catalog.pg_class.relname 
FROM pg_catalog.pg_class JOIN pg_catalog.pg_namespace ON pg_catalog.pg_namespace.oid = pg_catalog.pg_class.relnamespace 
WHERE pg_catalog.pg_class.relname = %(table_name)s AND pg_catalog.pg_class.relkind = ANY (ARRAY[%(param_1)s, %(param_2)s, %(param_3)s, %(param_4)s, %(param_5)s]) AND pg_catalog.pg_table_is_visible(pg_catalog.pg_class.oid) AND pg_catalog.pg_namespace.nspname != %(nspname_1)s
2025-12-09 10:38:55,496 INFO [sqlalchemy.engine.Engine] [cached since 0.00854s ago] {'table_name': 'order_items', 'param_1': 'r', 'param_2': 'p', 'param_3': 'f', 'param_4': 'v', 'param_5': 'm', 'nspname_1': 'pg_catalog'}
2025-12-09 10:38:55,496 INFO [sqlalchemy.engine.Engine] COMMIT
2025-12-09 10:50:08,539 INFO [sqlalchemy.engine.Engine] BEGIN (implicit)
2025-12-09 10:50:08,548 INFO [sqlalchemy.engine.Engine] SELECT users.id, users.username, users.email, users.hashed_password, users.is_active, users.is_superuser 
FROM users 
WHERE users.username = %(username_1)s
2025-12-09 10:50:08,549 INFO [sqlalchemy.engine.Engine] [generated in 0.00097s] {'username_1': 'admin'}
2025-12-09 10:50:08,571 INFO [sqlalchemy.engine.Engine] SELECT users.id, users.username, users.email, users.hashed_password, users.is_active, users.is_superuser 
FROM users 
WHERE users.email = %(email_1)s
2025-12-09 10:50:08,571 INFO [sqlalchemy.engine.Engine] [generated in 0.00072s] {'email_1': 'admin@example.com'}
2025-12-09 10:50:08,576 WARNING [passlib.handlers.bcrypt] (trapped) error reading bcrypt version
Traceback (most recent call last):
  File "D:\Fast-API VMO\.venv\Lib\site-packages\passlib\handlers\bcrypt.py", line 620, in _load_backend_mixin
    version = _bcrypt.__about__.__version__
              ^^^^^^^^^^^^^^^^^
AttributeError: module 'bcrypt' has no attribute '__about__'
2025-12-09 10:50:08,607 DEBUG [passlib.handlers.bcrypt] detected 'bcrypt' backend, version '<unknown>'
2025-12-09 10:50:08,613 DEBUG [passlib.handlers.bcrypt] 'bcrypt' backend lacks $2$ support, enabling workaround
2025-12-09 10:50:08,632 INFO [sqlalchemy.engine.Engine] ROLLBACK
2025-12-09 11:09:53,999 INFO [sqlalchemy.engine.Engine] select pg_catalog.version()
2025-12-09 11:09:54,000 INFO [sqlalchemy.engine.Engine] [raw sql] {}
2025-12-09 11:09:54,001 INFO [sqlalchemy.engine.Engine] select current_schema()
2025-12-09 11:09:54,002 INFO [sqlalchemy.engine.Engine] [raw sql] {}
2025-12-09 11:09:54,002 INFO [sqlalchemy.engine.Engine] show standard_conforming_strings
2025-12-09 11:09:54,003 INFO [sqlalchemy.engine.Engine] [raw sql] {}
2025-12-09 11:09:54,004 INFO [sqlalchemy.engine.Engine] BEGIN (implicit)
2025-12-09 11:09:54,007 INFO [sqlalchemy.engine.Engine] SELECT pg_catalog.pg_class.relname 
FROM pg_catalog.pg_class JOIN pg_catalog.pg_namespace ON pg_catalog.pg_namespace.oid = pg_catalog.pg_class.relnamespace 
WHERE pg_catalog.pg_class.relname = %(table_name)s AND pg_catalog.pg_class.relkind = ANY (ARRAY[%(param_1)s, %(param_2)s, %(param_3)s, %(param_4)s, %(param_5)s]) AND pg_catalog.pg_table_is_visible(pg_catalog.pg_class.oid) AND pg_catalog.pg_namespace.nspname != %(nspname_1)s
2025-12-09 11:09:54,008 INFO [sqlalchemy.engine.Engine] [generated in 0.00046s] {'table_name': 'users', 'param_1': 'r', 'param_2': 'p', 'param_3': 'f', 'param_4': 'v', 'param_5': 'm', 'nspname_1': 'pg_catalog'}
2025-12-09 11:09:54,011 INFO [sqlalchemy.engine.Engine] SELECT pg_catalog.pg_class.relname 
FROM pg_catalog.pg_class JOIN pg_catalog.pg_namespace ON pg_catalog.pg_namespace.oid = pg_catalog.pg_class.relnamespace 
WHERE pg_catalog.pg_class.relname = %(table_name)s AND pg_catalog.pg_class.relkind = ANY (ARRAY[%(param_1)s, %(param_2)s, %(param_3)s, %(param_4)s, %(param_5)s]) AND pg_catalog.pg_table_is_visible(pg_catalog.pg_class.oid) AND pg_catalog.pg_namespace.nspname != %(nspname_1)s
2025-12-09 11:09:54,011 INFO [sqlalchemy.engine.Engine] [cached since 0.004568s ago] {'table_name': 'products', 'param_1': 'r', 'param_2': 'p', 'param_3': 'f', 'param_4': 'v', 'param_5': 'm', 'nspname_1': 'pg_catalog'}
2025-12-09 11:09:54,012 INFO [sqlalchemy.engine.Engine] SELECT pg_catalog.pg_class.relname 
FROM pg_catalog.pg_class JOIN pg_catalog.pg_namespace ON pg_catalog.pg_namespace.oid = pg_catalog.pg_class.relnamespace 
WHERE pg_catalog.pg_class.relname = %(table_name)s AND pg_catalog.pg_class.relkind = ANY (ARRAY[%(param_1)s, %(param_2)s, %(param_3)s, %(param_4)s, %(param_5)s]) AND pg_catalog.pg_table_is_visible(pg_catalog.pg_class.oid) AND pg_catalog.pg_namespace.nspname != %(nspname_1)s
2025-12-09 11:09:54,013 INFO [sqlalchemy.engine.Engine] [cached since 0.006321s ago] {'table_name': 'orders', 'param_1': 'r', 'param_2': 'p', 'param_3': 'f', 'param_4': 'v', 'param_5': 'm', 'nspname_1': 'pg_catalog'}
2025-12-09 11:09:54,014 INFO [sqlalchemy.engine.Engine] SELECT pg_catalog.pg_class.relname 
FROM pg_catalog.pg_class JOIN pg_catalog.pg_namespace ON pg_catalog.pg_namespace.oid = pg_catalog.pg_class.relnamespace 
WHERE pg_catalog.pg_class.relname = %(table_name)s AND pg_catalog.pg_class.relkind = ANY (ARRAY[%(param_1)s, %(param_2)s, %(param_3)s, %(param_4)s, %(param_5)s]) AND pg_catalog.pg_table_is_visible(pg_catalog.pg_class.oid) AND pg_catalog.pg_namespace.nspname != %(nspname_1)s
2025-12-09 11:09:54,014 INFO [sqlalchemy.engine.Engine] [cached since 0.007748s ago] {'table_name': 'order_items', 'param_1': 'r', 'param_2': 'p', 'param_3': 'f', 'param_4': 'v', 'param_5': 'm', 'nspname_1': 'pg_catalog'}
2025-12-09 11:09:54,015 INFO [sqlalchemy.engine.Engine] COMMIT
2025-12-09 11:10:33,625 INFO [sqlalchemy.engine.Engine] BEGIN (implicit)
2025-12-09 11:10:33,627 INFO [sqlalchemy.engine.Engine] SELECT users.id, users.username, users.email, users.hashed_password, users.is_active, users.is_superuser 
FROM users 
WHERE users.username = %(username_1)s
2025-12-09 11:10:33,628 INFO [sqlalchemy.engine.Engine] [cached since 1225s ago] {'username_1': 'admin'}
2025-12-09 11:10:33,633 INFO [sqlalchemy.engine.Engine] SELECT users.id, users.username, users.email, users.hashed_password, users.is_active, users.is_superuser 
FROM users 
WHERE users.email = %(email_1)s
2025-12-09 11:10:33,634 INFO [sqlalchemy.engine.Engine] [cached since 1225s ago] {'email_1': 'admin@example.com'}
2025-12-09 11:10:33,638 WARNING [passlib.handlers.bcrypt] (trapped) error reading bcrypt version
Traceback (most recent call last):
  File "D:\Fast-API VMO\.venv\Lib\site-packages\passlib\handlers\bcrypt.py", line 620, in _load_backend_mixin
    version = _bcrypt.__about__.__version__
              ^^^^^^^^^^^^^^^^^
AttributeError: module 'bcrypt' has no attribute '__about__'
2025-12-09 11:10:33,644 DEBUG [passlib.handlers.bcrypt] detected 'bcrypt' backend, version '<unknown>'
2025-12-09 11:10:33,655 INFO [sqlalchemy.engine.Engine] ROLLBACK
2025-12-09 11:10:41,928 INFO [sqlalchemy.engine.Engine] select pg_catalog.version()
2025-12-09 11:10:41,929 INFO [sqlalchemy.engine.Engine] [raw sql] {}
2025-12-09 11:10:41,930 INFO [sqlalchemy.engine.Engine] select current_schema()
2025-12-09 11:10:41,932 INFO [sqlalchemy.engine.Engine] [raw sql] {}
2025-12-09 11:10:41,933 INFO [sqlalchemy.engine.Engine] show standard_conforming_strings
2025-12-09 11:10:41,933 INFO [sqlalchemy.engine.Engine] [raw sql] {}
2025-12-09 11:10:41,934 INFO [sqlalchemy.engine.Engine] BEGIN (implicit)
2025-12-09 11:10:41,939 INFO [sqlalchemy.engine.Engine] SELECT pg_catalog.pg_class.relname 
FROM pg_catalog.pg_class JOIN pg_catalog.pg_namespace ON pg_catalog.pg_namespace.oid = pg_catalog.pg_class.relnamespace 
WHERE pg_catalog.pg_class.relname = %(table_name)s AND pg_catalog.pg_class.relkind = ANY (ARRAY[%(param_1)s, %(param_2)s, %(param_3)s, %(param_4)s, %(param_5)s]) AND pg_catalog.pg_table_is_visible(pg_catalog.pg_class.oid) AND pg_catalog.pg_namespace.nspname != %(nspname_1)s
2025-12-09 11:10:41,940 INFO [sqlalchemy.engine.Engine] [generated in 0.00124s] {'table_name': 'users', 'param_1': 'r', 'param_2': 'p', 'param_3': 'f', 'param_4': 'v', 'param_5': 'm', 'nspname_1': 'pg_catalog'}
2025-12-09 11:10:41,945 INFO [sqlalchemy.engine.Engine] SELECT pg_catalog.pg_class.relname 
FROM pg_catalog.pg_class JOIN pg_catalog.pg_namespace ON pg_catalog.pg_namespace.oid = pg_catalog.pg_class.relnamespace 
WHERE pg_catalog.pg_class.relname = %(table_name)s AND pg_catalog.pg_class.relkind = ANY (ARRAY[%(param_1)s, %(param_2)s, %(param_3)s, %(param_4)s, %(param_5)s]) AND pg_catalog.pg_table_is_visible(pg_catalog.pg_class.oid) AND pg_catalog.pg_namespace.nspname != %(nspname_1)s
2025-12-09 11:10:41,946 INFO [sqlalchemy.engine.Engine] [cached since 0.007533s ago] {'table_name': 'products', 'param_1': 'r', 'param_2': 'p', 'param_3': 'f', 'param_4': 'v', 'param_5': 'm', 'nspname_1': 'pg_catalog'}
2025-12-09 11:10:41,947 INFO [sqlalchemy.engine.Engine] SELECT pg_catalog.pg_class.relname 
FROM pg_catalog.pg_class JOIN pg_catalog.pg_namespace ON pg_catalog.pg_namespace.oid = pg_catalog.pg_class.relnamespace 
WHERE pg_catalog.pg_class.relname = %(table_name)s AND pg_catalog.pg_class.relkind = ANY (ARRAY[%(param_1)s, %(param_2)s, %(param_3)s, %(param_4)s, %(param_5)s]) AND pg_catalog.pg_table_is_visible(pg_catalog.pg_class.oid) AND pg_catalog.pg_namespace.nspname != %(nspname_1)s
2025-12-09 11:10:41,948 INFO [sqlalchemy.engine.Engine] [cached since 0.009653s ago] {'table_name': 'orders', 'param_1': 'r', 'param_2': 'p', 'param_3': 'f', 'param_4': 'v', 'param_5': 'm', 'nspname_1': 'pg_catalog'}
2025-12-09 11:10:41,950 INFO [sqlalchemy.engine.Engine] SELECT pg_catalog.pg_class.relname 
FROM pg_catalog.pg_class JOIN pg_catalog.pg_namespace ON pg_catalog.pg_namespace.oid = pg_catalog.pg_class.relnamespace 
WHERE pg_catalog.pg_class.relname = %(table_name)s AND pg_catalog.pg_class.relkind = ANY (ARRAY[%(param_1)s, %(param_2)s, %(param_3)s, %(param_4)s, %(param_5)s]) AND pg_catalog.pg_table_is_visible(pg_catalog.pg_class.oid) AND pg_catalog.pg_namespace.nspname != %(nspname_1)s
2025-12-09 11:10:41,950 INFO [sqlalchemy.engine.Engine] [cached since 0.01209s ago] {'table_name': 'order_items', 'param_1': 'r', 'param_2': 'p', 'param_3': 'f', 'param_4': 'v', 'param_5': 'm', 'nspname_1': 'pg_catalog'}
2025-12-09 11:10:41,952 INFO [sqlalchemy.engine.Engine] COMMIT
2025-12-09 11:10:50,148 INFO [sqlalchemy.engine.Engine] BEGIN (implicit)
2025-12-09 11:10:50,152 INFO [sqlalchemy.engine.Engine] SELECT users.id, users.username, users.email, users.hashed_password, users.is_active, users.is_superuser 
FROM users 
WHERE users.username = %(username_1)s
2025-12-09 11:10:50,152 INFO [sqlalchemy.engine.Engine] [generated in 0.00053s] {'username_1': 'admin'}
2025-12-09 11:10:50,158 INFO [sqlalchemy.engine.Engine] SELECT users.id, users.username, users.email, users.hashed_password, users.is_active, users.is_superuser 
FROM users 
WHERE users.email = %(email_1)s
2025-12-09 11:10:50,158 INFO [sqlalchemy.engine.Engine] [generated in 0.00068s] {'email_1': 'admin@example.com'}
2025-12-09 11:10:50,162 DEBUG [passlib.handlers.argon2] detected 'argon2_cffi' backend, version '25.1.0', with support for 0x13 argon2 hashes
2025-12-09 11:10:50,242 INFO [sqlalchemy.engine.Engine] INSERT INTO users (username, email, hashed_password, is_active, is_superuser) VALUES (%(username)s, %(email)s, %(hashed_password)s, %(is_active)s, %(is_superuser)s) RETURNING users.id
2025-12-09 11:10:50,243 INFO [sqlalchemy.engine.Engine] [generated in 0.00117s] {'username': 'admin', 'email': 'admin@example.com', 'hashed_password': '$argon2id$v=19$m=65536,t=3,p=4$qfUe4/x/zzlnjDGG0JqT0g$wlAEtT9xZpwoBhz6mmY6h8/BCXQds7Tp3qOBt49xoJ0', 'is_active': True, 'is_superuser': False}
2025-12-09 11:10:50,255 INFO [sqlalchemy.engine.Engine] COMMIT
2025-12-09 11:10:50,258 INFO [sqlalchemy.engine.Engine] BEGIN (implicit)
2025-12-09 11:10:50,261 INFO [sqlalchemy.engine.Engine] SELECT users.id, users.username, users.email, users.hashed_password, users.is_active, users.is_superuser 
FROM users 
WHERE users.id = %(pk_1)s
2025-12-09 11:10:50,262 INFO [sqlalchemy.engine.Engine] [generated in 0.00106s] {'pk_1': 1}
2025-12-09 11:10:50,266 INFO [sqlalchemy.engine.Engine] ROLLBACK
2025-12-09 11:13:11,191 INFO [sqlalchemy.engine.Engine] BEGIN (implicit)
2025-12-09 11:13:11,193 INFO [sqlalchemy.engine.Engine] SELECT users.id, users.username, users.email, users.hashed_password, users.is_active, users.is_superuser 
FROM users 
WHERE users.username = %(username_1)s
2025-12-09 11:13:11,193 INFO [sqlalchemy.engine.Engine] [cached since 141s ago] {'username_1': 'admin'}
2025-12-09 11:13:11,199 INFO [sqlalchemy.engine.Engine] ROLLBACK
2025-12-09 11:36:55,197 INFO [sqlalchemy.engine.Engine] select pg_catalog.version()
2025-12-09 11:36:55,198 INFO [sqlalchemy.engine.Engine] [raw sql] {}
2025-12-09 11:36:55,200 INFO [sqlalchemy.engine.Engine] select current_schema()
2025-12-09 11:36:55,201 INFO [sqlalchemy.engine.Engine] [raw sql] {}
2025-12-09 11:36:55,202 INFO [sqlalchemy.engine.Engine] show standard_conforming_strings
2025-12-09 11:36:55,203 INFO [sqlalchemy.engine.Engine] [raw sql] {}
2025-12-09 11:36:55,204 INFO [sqlalchemy.engine.Engine] BEGIN (implicit)
2025-12-09 11:36:55,213 INFO [sqlalchemy.engine.Engine] SELECT pg_catalog.pg_class.relname 
FROM pg_catalog.pg_class JOIN pg_catalog.pg_namespace ON pg_catalog.pg_namespace.oid = pg_catalog.pg_class.relnamespace 
WHERE pg_catalog.pg_class.relname = %(table_name)s AND pg_catalog.pg_class.relkind = ANY (ARRAY[%(param_1)s, %(param_2)s, %(param_3)s, %(param_4)s, %(param_5)s]) AND pg_catalog.pg_table_is_visible(pg_catalog.pg_class.oid) AND pg_catalog.pg_namespace.nspname != %(nspname_1)s
2025-12-09 11:36:55,214 INFO [sqlalchemy.engine.Engine] [generated in 0.00113s] {'table_name': 'users', 'param_1': 'r', 'param_2': 'p', 'param_3': 'f', 'param_4': 'v', 'param_5': 'm', 'nspname_1': 'pg_catalog'}
2025-12-09 11:36:55,219 INFO [sqlalchemy.engine.Engine] SELECT pg_catalog.pg_class.relname 
FROM pg_catalog.pg_class JOIN pg_catalog.pg_namespace ON pg_catalog.pg_namespace.oid = pg_catalog.pg_class.relnamespace 
WHERE pg_catalog.pg_class.relname = %(table_name)s AND pg_catalog.pg_class.relkind = ANY (ARRAY[%(param_1)s, %(param_2)s, %(param_3)s, %(param_4)s, %(param_5)s]) AND pg_catalog.pg_table_is_visible(pg_catalog.pg_class.oid) AND pg_catalog.pg_namespace.nspname != %(nspname_1)s
2025-12-09 11:36:55,220 INFO [sqlalchemy.engine.Engine] [cached since 0.007944s ago] {'table_name': 'products', 'param_1': 'r', 'param_2': 'p', 'param_3': 'f', 'param_4': 'v', 'param_5': 'm', 'nspname_1': 'pg_catalog'}
2025-12-09 11:36:55,222 INFO [sqlalchemy.engine.Engine] SELECT pg_catalog.pg_class.relname 
FROM pg_catalog.pg_class JOIN pg_catalog.pg_namespace ON pg_catalog.pg_namespace.oid = pg_catalog.pg_class.relnamespace 
WHERE pg_catalog.pg_class.relname = %(table_name)s AND pg_catalog.pg_class.relkind = ANY (ARRAY[%(param_1)s, %(param_2)s, %(param_3)s, %(param_4)s, %(param_5)s]) AND pg_catalog.pg_table_is_visible(pg_catalog.pg_class.oid) AND pg_catalog.pg_namespace.nspname != %(nspname_1)s
2025-12-09 11:36:55,222 INFO [sqlalchemy.engine.Engine] [cached since 0.01027s ago] {'table_name': 'orders', 'param_1': 'r', 'param_2': 'p', 'param_3': 'f', 'param_4': 'v', 'param_5': 'm', 'nspname_1': 'pg_catalog'}
2025-12-09 11:36:55,224 INFO [sqlalchemy.engine.Engine] SELECT pg_catalog.pg_class.relname 
FROM pg_catalog.pg_class JOIN pg_catalog.pg_namespace ON pg_catalog.pg_namespace.oid = pg_catalog.pg_class.relnamespace 
WHERE pg_catalog.pg_class.relname = %(table_name)s AND pg_catalog.pg_class.relkind = ANY (ARRAY[%(param_1)s, %(param_2)s, %(param_3)s, %(param_4)s, %(param_5)s]) AND pg_catalog.pg_table_is_visible(pg_catalog.pg_class.oid) AND pg_catalog.pg_namespace.nspname != %(nspname_1)s
2025-12-09 11:36:55,225 INFO [sqlalchemy.engine.Engine] [cached since 0.01237s ago] {'table_name': 'order_items', 'param_1': 'r', 'param_2': 'p', 'param_3': 'f', 'param_4': 'v', 'param_5': 'm', 'nspname_1': 'pg_catalog'}
2025-12-09 11:36:55,226 INFO [sqlalchemy.engine.Engine] COMMIT
2025-12-09 11:36:57,902 INFO [sqlalchemy.engine.Engine] select pg_catalog.version()
2025-12-09 11:36:57,903 INFO [sqlalchemy.engine.Engine] [raw sql] {}
2025-12-09 11:36:57,904 INFO [sqlalchemy.engine.Engine] select current_schema()
2025-12-09 11:36:57,904 INFO [sqlalchemy.engine.Engine] [raw sql] {}
2025-12-09 11:36:57,905 INFO [sqlalchemy.engine.Engine] show standard_conforming_strings
2025-12-09 11:36:57,905 INFO [sqlalchemy.engine.Engine] [raw sql] {}
2025-12-09 11:36:57,908 INFO [sqlalchemy.engine.Engine] BEGIN (implicit)
2025-12-09 11:36:57,913 INFO [sqlalchemy.engine.Engine] SELECT pg_catalog.pg_class.relname 
FROM pg_catalog.pg_class JOIN pg_catalog.pg_namespace ON pg_catalog.pg_namespace.oid = pg_catalog.pg_class.relnamespace 
WHERE pg_catalog.pg_class.relname = %(table_name)s AND pg_catalog.pg_class.relkind = ANY (ARRAY[%(param_1)s, %(param_2)s, %(param_3)s, %(param_4)s, %(param_5)s]) AND pg_catalog.pg_table_is_visible(pg_catalog.pg_class.oid) AND pg_catalog.pg_namespace.nspname != %(nspname_1)s
2025-12-09 11:36:57,913 INFO [sqlalchemy.engine.Engine] [generated in 0.00073s] {'table_name': 'users', 'param_1': 'r', 'param_2': 'p', 'param_3': 'f', 'param_4': 'v', 'param_5': 'm', 'nspname_1': 'pg_catalog'}
2025-12-09 11:36:57,917 INFO [sqlalchemy.engine.Engine] SELECT pg_catalog.pg_class.relname 
FROM pg_catalog.pg_class JOIN pg_catalog.pg_namespace ON pg_catalog.pg_namespace.oid = pg_catalog.pg_class.relnamespace 
WHERE pg_catalog.pg_class.relname = %(table_name)s AND pg_catalog.pg_class.relkind = ANY (ARRAY[%(param_1)s, %(param_2)s, %(param_3)s, %(param_4)s, %(param_5)s]) AND pg_catalog.pg_table_is_visible(pg_catalog.pg_class.oid) AND pg_catalog.pg_namespace.nspname != %(nspname_1)s
2025-12-09 11:36:57,918 INFO [sqlalchemy.engine.Engine] [cached since 0.004992s ago] {'table_name': 'products', 'param_1': 'r', 'param_2': 'p', 'param_3': 'f', 'param_4': 'v', 'param_5': 'm', 'nspname_1': 'pg_catalog'}
2025-12-09 11:36:57,919 INFO [sqlalchemy.engine.Engine] SELECT pg_catalog.pg_class.relname 
FROM pg_catalog.pg_class JOIN pg_catalog.pg_namespace ON pg_catalog.pg_namespace.oid = pg_catalog.pg_class.relnamespace 
WHERE pg_catalog.pg_class.relname = %(table_name)s AND pg_catalog.pg_class.relkind = ANY (ARRAY[%(param_1)s, %(param_2)s, %(param_3)s, %(param_4)s, %(param_5)s]) AND pg_catalog.pg_table_is_visible(pg_catalog.pg_class.oid) AND pg_catalog.pg_namespace.nspname != %(nspname_1)s
2025-12-09 11:36:57,919 INFO [sqlalchemy.engine.Engine] [cached since 0.006564s ago] {'table_name': 'orders', 'param_1': 'r', 'param_2': 'p', 'param_3': 'f', 'param_4': 'v', 'param_5': 'm', 'nspname_1': 'pg_catalog'}
2025-12-09 11:36:57,921 INFO [sqlalchemy.engine.Engine] SELECT pg_catalog.pg_class.relname 
FROM pg_catalog.pg_class JOIN pg_catalog.pg_namespace ON pg_catalog.pg_namespace.oid = pg_catalog.pg_class.relnamespace 
WHERE pg_catalog.pg_class.relname = %(table_name)s AND pg_catalog.pg_class.relkind = ANY (ARRAY[%(param_1)s, %(param_2)s, %(param_3)s, %(param_4)s, %(param_5)s]) AND pg_catalog.pg_table_is_visible(pg_catalog.pg_class.oid) AND pg_catalog.pg_namespace.nspname != %(nspname_1)s
2025-12-09 11:36:57,921 INFO [sqlalchemy.engine.Engine] [cached since 0.008775s ago] {'table_name': 'order_items', 'param_1': 'r', 'param_2': 'p', 'param_3': 'f', 'param_4': 'v', 'param_5': 'm', 'nspname_1': 'pg_catalog'}
2025-12-09 11:36:57,922 INFO [sqlalchemy.engine.Engine] COMMIT
2025-12-09 14:32:13,373 INFO [sqlalchemy.engine.Engine] BEGIN (implicit)
2025-12-09 14:32:13,385 INFO [sqlalchemy.engine.Engine] SELECT users.id, users.username, users.email, users.hashed_password, users.is_active, users.is_superuser 
FROM users 
WHERE users.username = %(username_1)s
2025-12-09 14:32:13,386 INFO [sqlalchemy.engine.Engine] [cached since 1.208e+04s ago] {'username_1': 'string'}
2025-12-09 14:32:13,420 INFO [sqlalchemy.engine.Engine] SELECT users.id, users.username, users.email, users.hashed_password, users.is_active, users.is_superuser 
FROM users 
WHERE users.email = %(email_1)s
2025-12-09 14:32:13,421 INFO [sqlalchemy.engine.Engine] [cached since 1.208e+04s ago] {'email_1': 'user@example.com'}
2025-12-09 14:32:13,528 INFO [sqlalchemy.engine.Engine] INSERT INTO users (username, email, hashed_password, is_active, is_superuser) VALUES (%(username)s, %(email)s, %(hashed_password)s, %(is_active)s, %(is_superuser)s) RETURNING users.id
2025-12-09 14:32:13,529 INFO [sqlalchemy.engine.Engine] [cached since 1.208e+04s ago] {'username': 'string', 'email': 'user@example.com', 'hashed_password': '$argon2id$v=19$m=65536,t=3,p=4$oXROKSVkrJXyfq9Vyhnj/A$EuQ/zY/YD+I90DTPTEAIeccYAxB8cP+JBZn4dlPZ65U', 'is_active': True, 'is_superuser': False}
2025-12-09 14:32:13,537 INFO [sqlalchemy.engine.Engine] COMMIT
2025-12-09 14:32:13,541 INFO [sqlalchemy.engine.Engine] BEGIN (implicit)
2025-12-09 14:32:13,542 INFO [sqlalchemy.engine.Engine] SELECT users.id, users.username, users.email, users.hashed_password, users.is_active, users.is_superuser 
FROM users 
WHERE users.id = %(pk_1)s
2025-12-09 14:32:13,543 INFO [sqlalchemy.engine.Engine] [cached since 1.208e+04s ago] {'pk_1': 2}
2025-12-09 14:32:13,546 INFO [sqlalchemy.engine.Engine] ROLLBACK
